// Jest Snapshot v1, https://goo.gl/fbAQLP

exports[`My compnent it works 1`] = `
<div
  className="sc-bdnxRM eXgWxp"
>
  <div
    className="MuiPaper-root MuiAccordion-root MuiAccordion-rounded MuiPaper-elevation1 MuiPaper-rounded"
  >
    <div
      aria-disabled={false}
      aria-expanded={false}
      className="MuiButtonBase-root MuiAccordionSummary-root"
      onBlur={[Function]}
      onClick={[Function]}
      onDragLeave={[Function]}
      onFocus={[Function]}
      onKeyDown={[Function]}
      onKeyUp={[Function]}
      onMouseDown={[Function]}
      onMouseLeave={[Function]}
      onMouseUp={[Function]}
      onTouchEnd={[Function]}
      onTouchMove={[Function]}
      onTouchStart={[Function]}
      role="button"
      tabIndex={0}
    >
      <div
        className="MuiAccordionSummary-content"
      >
        <p
          className="MuiTypography-root MuiTypography-body1"
        >
          <span
            className="sc-gtsrHT gxLBAN"
          >
            <strong>
              Topic Name:
            </strong>
            react
          </span>
        </p>
      </div>
    </div>
    <div
      className="MuiCollapse-container MuiCollapse-hidden"
      style={
        Object {
          "minHeight": "0px",
        }
      }
    >
      <div
        className="MuiCollapse-wrapper"
      >
        <div
          className="MuiCollapse-wrapperInner"
        >
          <div
            role="region"
          >
            <div
              className="MuiAccordionDetails-root"
            >
              <p
                className="MuiTypography-root MuiTypography-body1"
              >
                <span
                  className="sc-gtsrHT gxLBAN"
                >
                  <strong>
                    Stargazer count:
                  </strong>
                  51339
                </span>
              </p>
            </div>
          </div>
        </div>
      </div>
    </div>
  </div>
</div>
`;
