// Jest Snapshot v1, https://goo.gl/fbAQLP

exports[`My compnent it works 1`] = `
<div
  className="sc-dlnjwi ipSvBe"
>
  <div
    className="MuiPaper-root MuiAccordion-root MuiAccordion-rounded MuiPaper-elevation1 MuiPaper-rounded"
  >
    <div
      aria-disabled={false}
      aria-expanded={false}
      className="MuiButtonBase-root MuiAccordionSummary-root"
      onBlur={[Function]}
      onClick={[Function]}
      onDragLeave={[Function]}
      onFocus={[Function]}
      onKeyDown={[Function]}
      onKeyUp={[Function]}
      onMouseDown={[Function]}
      onMouseLeave={[Function]}
      onMouseUp={[Function]}
      onTouchEnd={[Function]}
      onTouchMove={[Function]}
      onTouchStart={[Function]}
      role="button"
      tabIndex={0}
    >
      <div
        className="MuiAccordionSummary-content"
      >
        <p
          className="MuiTypography-root MuiTypography-body1"
        >
          <span
            className="sc-hKFxyN bKHOAc"
          >
            <strong>
              Topic Name:
            </strong>
            angular
             
          </span>
          <span
            className="sc-hKFxyN bKHOAc"
          >
            <strong>
              Stargazer count:
            </strong>
            31274
             
          </span>
        </p>
      </div>
    </div>
    <div
      className="MuiCollapse-container MuiCollapse-hidden"
      style={
        Object {
          "minHeight": "0px",
        }
      }
    >
      <div
        className="MuiCollapse-wrapper"
      >
        <div
          className="MuiCollapse-wrapperInner"
        >
          <div
            role="region"
          >
            <div
              className="MuiAccordionDetails-root"
            >
              <p
                className="MuiTypography-root MuiTypography-body1"
              >
                <div>
                  <strong>
                    Related Topics:
                  </strong>
                  <div
                    className="sc-bdnxRM eXgWxp"
                  >
                    <div
                      className="MuiPaper-root MuiAccordion-root MuiAccordion-rounded MuiPaper-elevation1 MuiPaper-rounded"
                    >
                      <div
                        aria-disabled={false}
                        aria-expanded={false}
                        className="MuiButtonBase-root MuiAccordionSummary-root"
                        onBlur={[Function]}
                        onClick={[Function]}
                        onDragLeave={[Function]}
                        onFocus={[Function]}
                        onKeyDown={[Function]}
                        onKeyUp={[Function]}
                        onMouseDown={[Function]}
                        onMouseLeave={[Function]}
                        onMouseUp={[Function]}
                        onTouchEnd={[Function]}
                        onTouchMove={[Function]}
                        onTouchStart={[Function]}
                        role="button"
                        tabIndex={0}
                      >
                        <div
                          className="MuiAccordionSummary-content"
                        >
                          <p
                            className="MuiTypography-root MuiTypography-body1"
                          >
                            <span
                              className="sc-gtsrHT gxLBAN"
                            >
                              <strong>
                                Topic Name:
                              </strong>
                              react
                            </span>
                          </p>
                        </div>
                      </div>
                      <div
                        className="MuiCollapse-container MuiCollapse-hidden"
                        style={
                          Object {
                            "minHeight": "0px",
                          }
                        }
                      >
                        <div
                          className="MuiCollapse-wrapper"
                        >
                          <div
                            className="MuiCollapse-wrapperInner"
                          >
                            <div
                              role="region"
                            >
                              <div
                                className="MuiAccordionDetails-root"
                              >
                                <p
                                  className="MuiTypography-root MuiTypography-body1"
                                >
                                  <span
                                    className="sc-gtsrHT gxLBAN"
                                  >
                                    <strong>
                                      Stargazer count:
                                    </strong>
                                    51339
                                  </span>
                                </p>
                              </div>
                            </div>
                          </div>
                        </div>
                      </div>
                    </div>
                  </div>
                  <div
                    className="sc-bdnxRM eXgWxp"
                  >
                    <div
                      className="MuiPaper-root MuiAccordion-root MuiAccordion-rounded MuiPaper-elevation1 MuiPaper-rounded"
                    >
                      <div
                        aria-disabled={false}
                        aria-expanded={false}
                        className="MuiButtonBase-root MuiAccordionSummary-root"
                        onBlur={[Function]}
                        onClick={[Function]}
                        onDragLeave={[Function]}
                        onFocus={[Function]}
                        onKeyDown={[Function]}
                        onKeyUp={[Function]}
                        onMouseDown={[Function]}
                        onMouseLeave={[Function]}
                        onMouseUp={[Function]}
                        onTouchEnd={[Function]}
                        onTouchMove={[Function]}
                        onTouchStart={[Function]}
                        role="button"
                        tabIndex={0}
                      >
                        <div
                          className="MuiAccordionSummary-content"
                        >
                          <p
                            className="MuiTypography-root MuiTypography-body1"
                          >
                            <span
                              className="sc-gtsrHT gxLBAN"
                            >
                              <strong>
                                Topic Name:
                              </strong>
                              vue
                            </span>
                          </p>
                        </div>
                      </div>
                      <div
                        className="MuiCollapse-container MuiCollapse-hidden"
                        style={
                          Object {
                            "minHeight": "0px",
                          }
                        }
                      >
                        <div
                          className="MuiCollapse-wrapper"
                        >
                          <div
                            className="MuiCollapse-wrapperInner"
                          >
                            <div
                              role="region"
                            >
                              <div
                                className="MuiAccordionDetails-root"
                              >
                                <p
                                  className="MuiTypography-root MuiTypography-body1"
                                >
                                  <span
                                    className="sc-gtsrHT gxLBAN"
                                  >
                                    <strong>
                                      Stargazer count:
                                    </strong>
                                    37685
                                  </span>
                                </p>
                              </div>
                            </div>
                          </div>
                        </div>
                      </div>
                    </div>
                  </div>
                  <div
                    className="sc-bdnxRM eXgWxp"
                  >
                    <div
                      className="MuiPaper-root MuiAccordion-root MuiAccordion-rounded MuiPaper-elevation1 MuiPaper-rounded"
                    >
                      <div
                        aria-disabled={false}
                        aria-expanded={false}
                        className="MuiButtonBase-root MuiAccordionSummary-root"
                        onBlur={[Function]}
                        onClick={[Function]}
                        onDragLeave={[Function]}
                        onFocus={[Function]}
                        onKeyDown={[Function]}
                        onKeyUp={[Function]}
                        onMouseDown={[Function]}
                        onMouseLeave={[Function]}
                        onMouseUp={[Function]}
                        onTouchEnd={[Function]}
                        onTouchMove={[Function]}
                        onTouchStart={[Function]}
                        role="button"
                        tabIndex={0}
                      >
                        <div
                          className="MuiAccordionSummary-content"
                        >
                          <p
                            className="MuiTypography-root MuiTypography-body1"
                          >
                            <span
                              className="sc-gtsrHT gxLBAN"
                            >
                              <strong>
                                Topic Name:
                              </strong>
                              azure-functions
                            </span>
                          </p>
                        </div>
                      </div>
                      <div
                        className="MuiCollapse-container MuiCollapse-hidden"
                        style={
                          Object {
                            "minHeight": "0px",
                          }
                        }
                      >
                        <div
                          className="MuiCollapse-wrapper"
                        >
                          <div
                            className="MuiCollapse-wrapperInner"
                          >
                            <div
                              role="region"
                            >
                              <div
                                className="MuiAccordionDetails-root"
                              >
                                <p
                                  className="MuiTypography-root MuiTypography-body1"
                                >
                                  <span
                                    className="sc-gtsrHT gxLBAN"
                                  >
                                    <strong>
                                      Stargazer count:
                                    </strong>
                                    15
                                  </span>
                                </p>
                              </div>
                            </div>
                          </div>
                        </div>
                      </div>
                    </div>
                  </div>
                  <div
                    className="sc-bdnxRM eXgWxp"
                  >
                    <div
                      className="MuiPaper-root MuiAccordion-root MuiAccordion-rounded MuiPaper-elevation1 MuiPaper-rounded"
                    >
                      <div
                        aria-disabled={false}
                        aria-expanded={false}
                        className="MuiButtonBase-root MuiAccordionSummary-root"
                        onBlur={[Function]}
                        onClick={[Function]}
                        onDragLeave={[Function]}
                        onFocus={[Function]}
                        onKeyDown={[Function]}
                        onKeyUp={[Function]}
                        onMouseDown={[Function]}
                        onMouseLeave={[Function]}
                        onMouseUp={[Function]}
                        onTouchEnd={[Function]}
                        onTouchMove={[Function]}
                        onTouchStart={[Function]}
                        role="button"
                        tabIndex={0}
                      >
                        <div
                          className="MuiAccordionSummary-content"
                        >
                          <p
                            className="MuiTypography-root MuiTypography-body1"
                          >
                            <span
                              className="sc-gtsrHT gxLBAN"
                            >
                              <strong>
                                Topic Name:
                              </strong>
                              frontend
                            </span>
                          </p>
                        </div>
                      </div>
                      <div
                        className="MuiCollapse-container MuiCollapse-hidden"
                        style={
                          Object {
                            "minHeight": "0px",
                          }
                        }
                      >
                        <div
                          className="MuiCollapse-wrapper"
                        >
                          <div
                            className="MuiCollapse-wrapperInner"
                          >
                            <div
                              role="region"
                            >
                              <div
                                className="MuiAccordionDetails-root"
                              >
                                <p
                                  className="MuiTypography-root MuiTypography-body1"
                                >
                                  <span
                                    className="sc-gtsrHT gxLBAN"
                                  >
                                    <strong>
                                      Stargazer count:
                                    </strong>
                                    21594
                                  </span>
                                </p>
                              </div>
                            </div>
                          </div>
                        </div>
                      </div>
                    </div>
                  </div>
                  <div
                    className="sc-bdnxRM eXgWxp"
                  >
                    <div
                      className="MuiPaper-root MuiAccordion-root MuiAccordion-rounded MuiPaper-elevation1 MuiPaper-rounded"
                    >
                      <div
                        aria-disabled={false}
                        aria-expanded={false}
                        className="MuiButtonBase-root MuiAccordionSummary-root"
                        onBlur={[Function]}
                        onClick={[Function]}
                        onDragLeave={[Function]}
                        onFocus={[Function]}
                        onKeyDown={[Function]}
                        onKeyUp={[Function]}
                        onMouseDown={[Function]}
                        onMouseLeave={[Function]}
                        onMouseUp={[Function]}
                        onTouchEnd={[Function]}
                        onTouchMove={[Function]}
                        onTouchStart={[Function]}
                        role="button"
                        tabIndex={0}
                      >
                        <div
                          className="MuiAccordionSummary-content"
                        >
                          <p
                            className="MuiTypography-root MuiTypography-body1"
                          >
                            <span
                              className="sc-gtsrHT gxLBAN"
                            >
                              <strong>
                                Topic Name:
                              </strong>
                              backend
                            </span>
                          </p>
                        </div>
                      </div>
                      <div
                        className="MuiCollapse-container MuiCollapse-hidden"
                        style={
                          Object {
                            "minHeight": "0px",
                          }
                        }
                      >
                        <div
                          className="MuiCollapse-wrapper"
                        >
                          <div
                            className="MuiCollapse-wrapperInner"
                          >
                            <div
                              role="region"
                            >
                              <div
                                className="MuiAccordionDetails-root"
                              >
                                <p
                                  className="MuiTypography-root MuiTypography-body1"
                                >
                                  <span
                                    className="sc-gtsrHT gxLBAN"
                                  >
                                    <strong>
                                      Stargazer count:
                                    </strong>
                                    276
                                  </span>
                                </p>
                              </div>
                            </div>
                          </div>
                        </div>
                      </div>
                    </div>
                  </div>
                  <div
                    className="sc-bdnxRM eXgWxp"
                  >
                    <div
                      className="MuiPaper-root MuiAccordion-root MuiAccordion-rounded MuiPaper-elevation1 MuiPaper-rounded"
                    >
                      <div
                        aria-disabled={false}
                        aria-expanded={false}
                        className="MuiButtonBase-root MuiAccordionSummary-root"
                        onBlur={[Function]}
                        onClick={[Function]}
                        onDragLeave={[Function]}
                        onFocus={[Function]}
                        onKeyDown={[Function]}
                        onKeyUp={[Function]}
                        onMouseDown={[Function]}
                        onMouseLeave={[Function]}
                        onMouseUp={[Function]}
                        onTouchEnd={[Function]}
                        onTouchMove={[Function]}
                        onTouchStart={[Function]}
                        role="button"
                        tabIndex={0}
                      >
                        <div
                          className="MuiAccordionSummary-content"
                        >
                          <p
                            className="MuiTypography-root MuiTypography-body1"
                          >
                            <span
                              className="sc-gtsrHT gxLBAN"
                            >
                              <strong>
                                Topic Name:
                              </strong>
                              typescript
                            </span>
                          </p>
                        </div>
                      </div>
                      <div
                        className="MuiCollapse-container MuiCollapse-hidden"
                        style={
                          Object {
                            "minHeight": "0px",
                          }
                        }
                      >
                        <div
                          className="MuiCollapse-wrapper"
                        >
                          <div
                            className="MuiCollapse-wrapperInner"
                          >
                            <div
                              role="region"
                            >
                              <div
                                className="MuiAccordionDetails-root"
                              >
                                <p
                                  className="MuiTypography-root MuiTypography-body1"
                                >
                                  <span
                                    className="sc-gtsrHT gxLBAN"
                                  >
                                    <strong>
                                      Stargazer count:
                                    </strong>
                                    18711
                                  </span>
                                </p>
                              </div>
                            </div>
                          </div>
                        </div>
                      </div>
                    </div>
                  </div>
                  <div
                    className="sc-bdnxRM eXgWxp"
                  >
                    <div
                      className="MuiPaper-root MuiAccordion-root MuiAccordion-rounded MuiPaper-elevation1 MuiPaper-rounded"
                    >
                      <div
                        aria-disabled={false}
                        aria-expanded={false}
                        className="MuiButtonBase-root MuiAccordionSummary-root"
                        onBlur={[Function]}
                        onClick={[Function]}
                        onDragLeave={[Function]}
                        onFocus={[Function]}
                        onKeyDown={[Function]}
                        onKeyUp={[Function]}
                        onMouseDown={[Function]}
                        onMouseLeave={[Function]}
                        onMouseUp={[Function]}
                        onTouchEnd={[Function]}
                        onTouchMove={[Function]}
                        onTouchStart={[Function]}
                        role="button"
                        tabIndex={0}
                      >
                        <div
                          className="MuiAccordionSummary-content"
                        >
                          <p
                            className="MuiTypography-root MuiTypography-body1"
                          >
                            <span
                              className="sc-gtsrHT gxLBAN"
                            >
                              <strong>
                                Topic Name:
                              </strong>
                              asp
                            </span>
                          </p>
                        </div>
                      </div>
                      <div
                        className="MuiCollapse-container MuiCollapse-hidden"
                        style={
                          Object {
                            "minHeight": "0px",
                          }
                        }
                      >
                        <div
                          className="MuiCollapse-wrapper"
                        >
                          <div
                            className="MuiCollapse-wrapperInner"
                          >
                            <div
                              role="region"
                            >
                              <div
                                className="MuiAccordionDetails-root"
                              >
                                <p
                                  className="MuiTypography-root MuiTypography-body1"
                                >
                                  <span
                                    className="sc-gtsrHT gxLBAN"
                                  >
                                    <strong>
                                      Stargazer count:
                                    </strong>
                                    61
                                  </span>
                                </p>
                              </div>
                            </div>
                          </div>
                        </div>
                      </div>
                    </div>
                  </div>
                  <div
                    className="sc-bdnxRM eXgWxp"
                  >
                    <div
                      className="MuiPaper-root MuiAccordion-root MuiAccordion-rounded MuiPaper-elevation1 MuiPaper-rounded"
                    >
                      <div
                        aria-disabled={false}
                        aria-expanded={false}
                        className="MuiButtonBase-root MuiAccordionSummary-root"
                        onBlur={[Function]}
                        onClick={[Function]}
                        onDragLeave={[Function]}
                        onFocus={[Function]}
                        onKeyDown={[Function]}
                        onKeyUp={[Function]}
                        onMouseDown={[Function]}
                        onMouseLeave={[Function]}
                        onMouseUp={[Function]}
                        onTouchEnd={[Function]}
                        onTouchMove={[Function]}
                        onTouchStart={[Function]}
                        role="button"
                        tabIndex={0}
                      >
                        <div
                          className="MuiAccordionSummary-content"
                        >
                          <p
                            className="MuiTypography-root MuiTypography-body1"
                          >
                            <span
                              className="sc-gtsrHT gxLBAN"
                            >
                              <strong>
                                Topic Name:
                              </strong>
                              cli
                            </span>
                          </p>
                        </div>
                      </div>
                      <div
                        className="MuiCollapse-container MuiCollapse-hidden"
                        style={
                          Object {
                            "minHeight": "0px",
                          }
                        }
                      >
                        <div
                          className="MuiCollapse-wrapper"
                        >
                          <div
                            className="MuiCollapse-wrapperInner"
                          >
                            <div
                              role="region"
                            >
                              <div
                                className="MuiAccordionDetails-root"
                              >
                                <p
                                  className="MuiTypography-root MuiTypography-body1"
                                >
                                  <span
                                    className="sc-gtsrHT gxLBAN"
                                  >
                                    <strong>
                                      Stargazer count:
                                    </strong>
                                    16199
                                  </span>
                                </p>
                              </div>
                            </div>
                          </div>
                        </div>
                      </div>
                    </div>
                  </div>
                  <div
                    className="sc-bdnxRM eXgWxp"
                  >
                    <div
                      className="MuiPaper-root MuiAccordion-root MuiAccordion-rounded MuiPaper-elevation1 MuiPaper-rounded"
                    >
                      <div
                        aria-disabled={false}
                        aria-expanded={false}
                        className="MuiButtonBase-root MuiAccordionSummary-root"
                        onBlur={[Function]}
                        onClick={[Function]}
                        onDragLeave={[Function]}
                        onFocus={[Function]}
                        onKeyDown={[Function]}
                        onKeyUp={[Function]}
                        onMouseDown={[Function]}
                        onMouseLeave={[Function]}
                        onMouseUp={[Function]}
                        onTouchEnd={[Function]}
                        onTouchMove={[Function]}
                        onTouchStart={[Function]}
                        role="button"
                        tabIndex={0}
                      >
                        <div
                          className="MuiAccordionSummary-content"
                        >
                          <p
                            className="MuiTypography-root MuiTypography-body1"
                          >
                            <span
                              className="sc-gtsrHT gxLBAN"
                            >
                              <strong>
                                Topic Name:
                              </strong>
                              firebase
                            </span>
                          </p>
                        </div>
                      </div>
                      <div
                        className="MuiCollapse-container MuiCollapse-hidden"
                        style={
                          Object {
                            "minHeight": "0px",
                          }
                        }
                      >
                        <div
                          className="MuiCollapse-wrapper"
                        >
                          <div
                            className="MuiCollapse-wrapperInner"
                          >
                            <div
                              role="region"
                            >
                              <div
                                className="MuiAccordionDetails-root"
                              >
                                <p
                                  className="MuiTypography-root MuiTypography-body1"
                                >
                                  <span
                                    className="sc-gtsrHT gxLBAN"
                                  >
                                    <strong>
                                      Stargazer count:
                                    </strong>
                                    15240
                                  </span>
                                </p>
                              </div>
                            </div>
                          </div>
                        </div>
                      </div>
                    </div>
                  </div>
                  <div
                    className="sc-bdnxRM eXgWxp"
                  >
                    <div
                      className="MuiPaper-root MuiAccordion-root MuiAccordion-rounded MuiPaper-elevation1 MuiPaper-rounded"
                    >
                      <div
                        aria-disabled={false}
                        aria-expanded={false}
                        className="MuiButtonBase-root MuiAccordionSummary-root"
                        onBlur={[Function]}
                        onClick={[Function]}
                        onDragLeave={[Function]}
                        onFocus={[Function]}
                        onKeyDown={[Function]}
                        onKeyUp={[Function]}
                        onMouseDown={[Function]}
                        onMouseLeave={[Function]}
                        onMouseUp={[Function]}
                        onTouchEnd={[Function]}
                        onTouchMove={[Function]}
                        onTouchStart={[Function]}
                        role="button"
                        tabIndex={0}
                      >
                        <div
                          className="MuiAccordionSummary-content"
                        >
                          <p
                            className="MuiTypography-root MuiTypography-body1"
                          >
                            <span
                              className="sc-gtsrHT gxLBAN"
                            >
                              <strong>
                                Topic Name:
                              </strong>
                              spring-boot
                            </span>
                          </p>
                        </div>
                      </div>
                      <div
                        className="MuiCollapse-container MuiCollapse-hidden"
                        style={
                          Object {
                            "minHeight": "0px",
                          }
                        }
                      >
                        <div
                          className="MuiCollapse-wrapper"
                        >
                          <div
                            className="MuiCollapse-wrapperInner"
                          >
                            <div
                              role="region"
                            >
                              <div
                                className="MuiAccordionDetails-root"
                              >
                                <p
                                  className="MuiTypography-root MuiTypography-body1"
                                >
                                  <span
                                    className="sc-gtsrHT gxLBAN"
                                  >
                                    <strong>
                                      Stargazer count:
                                    </strong>
                                    16830
                                  </span>
                                </p>
                              </div>
                            </div>
                          </div>
                        </div>
                      </div>
                    </div>
                  </div>
                </div>
              </p>
            </div>
          </div>
        </div>
      </div>
    </div>
  </div>
</div>
`;
